// Jest Snapshot v1, https://goo.gl/fbAQLP

exports[`Order Order Item Render isRenderProperly 1`] = `ShallowWrapper {}`;
