// Jest Snapshot v1, https://goo.gl/fbAQLP

exports[`Errors render test 1`] = `
<div>
  Error!
</div>
`;
